// Jest Snapshot v1, https://goo.gl/fbAQLP

exports[`CardOffer is rendered correctly 1`] = `null`;
